Archive member included to satisfy reference by file (symbol)

/usr/lib/gcc/arm-none-eabi/10.2.0/../../../../arm-none-eabi/lib/thumb/v6-m/nofp/libc_nano.a(lib_a-atexit.o)
                              /usr/lib/gcc/arm-none-eabi/10.2.0/../../../../arm-none-eabi/lib/thumb/v6-m/nofp/crt0.o (atexit)
/usr/lib/gcc/arm-none-eabi/10.2.0/../../../../arm-none-eabi/lib/thumb/v6-m/nofp/libc_nano.a(lib_a-exit.o)
                              /usr/lib/gcc/arm-none-eabi/10.2.0/../../../../arm-none-eabi/lib/thumb/v6-m/nofp/crt0.o (exit)
/usr/lib/gcc/arm-none-eabi/10.2.0/../../../../arm-none-eabi/lib/thumb/v6-m/nofp/libc_nano.a(lib_a-fini.o)
                              /usr/lib/gcc/arm-none-eabi/10.2.0/../../../../arm-none-eabi/lib/thumb/v6-m/nofp/crt0.o (__libc_fini_array)
/usr/lib/gcc/arm-none-eabi/10.2.0/../../../../arm-none-eabi/lib/thumb/v6-m/nofp/libc_nano.a(lib_a-impure.o)
                              /usr/lib/gcc/arm-none-eabi/10.2.0/../../../../arm-none-eabi/lib/thumb/v6-m/nofp/libc_nano.a(lib_a-exit.o) (_global_impure_ptr)
/usr/lib/gcc/arm-none-eabi/10.2.0/../../../../arm-none-eabi/lib/thumb/v6-m/nofp/libc_nano.a(lib_a-init.o)
                              /usr/lib/gcc/arm-none-eabi/10.2.0/../../../../arm-none-eabi/lib/thumb/v6-m/nofp/crt0.o (__libc_init_array)
/usr/lib/gcc/arm-none-eabi/10.2.0/../../../../arm-none-eabi/lib/thumb/v6-m/nofp/libc_nano.a(lib_a-memcpy-stub.o)
                              samc21/gcc/gcc/startup_samc21.o (memcpy)
/usr/lib/gcc/arm-none-eabi/10.2.0/../../../../arm-none-eabi/lib/thumb/v6-m/nofp/libc_nano.a(lib_a-memset.o)
                              /usr/lib/gcc/arm-none-eabi/10.2.0/../../../../arm-none-eabi/lib/thumb/v6-m/nofp/crt0.o (memset)
/usr/lib/gcc/arm-none-eabi/10.2.0/../../../../arm-none-eabi/lib/thumb/v6-m/nofp/libc_nano.a(lib_a-printf.o)
                              hal/utils/src/utils_syscalls.o (printf)
/usr/lib/gcc/arm-none-eabi/10.2.0/../../../../arm-none-eabi/lib/thumb/v6-m/nofp/libc_nano.a(lib_a-__atexit.o)
                              /usr/lib/gcc/arm-none-eabi/10.2.0/../../../../arm-none-eabi/lib/thumb/v6-m/nofp/libc_nano.a(lib_a-atexit.o) (__register_exitproc)
/usr/lib/gcc/arm-none-eabi/10.2.0/../../../../arm-none-eabi/lib/thumb/v6-m/nofp/libc_nano.a(lib_a-__call_atexit.o)
                              /usr/lib/gcc/arm-none-eabi/10.2.0/../../../../arm-none-eabi/lib/thumb/v6-m/nofp/libc_nano.a(lib_a-__atexit.o) (__call_exitprocs)
/usr/lib/gcc/arm-none-eabi/10.2.0/../../../../arm-none-eabi/lib/thumb/v6-m/nofp/libc_nano.a(lib_a-findfp.o)
                              /usr/lib/gcc/arm-none-eabi/10.2.0/../../../../arm-none-eabi/lib/thumb/v6-m/nofp/libc_nano.a(lib_a-printf.o) (__sinit)
/usr/lib/gcc/arm-none-eabi/10.2.0/../../../../arm-none-eabi/lib/thumb/v6-m/nofp/libc_nano.a(lib_a-fwalk.o)
                              /usr/lib/gcc/arm-none-eabi/10.2.0/../../../../arm-none-eabi/lib/thumb/v6-m/nofp/libc_nano.a(lib_a-findfp.o) (_fwalk)
/usr/lib/gcc/arm-none-eabi/10.2.0/../../../../arm-none-eabi/lib/thumb/v6-m/nofp/libc_nano.a(lib_a-lock.o)
                              /usr/lib/gcc/arm-none-eabi/10.2.0/../../../../arm-none-eabi/lib/thumb/v6-m/nofp/libc_nano.a(lib_a-findfp.o) (__retarget_lock_init_recursive)
/usr/lib/gcc/arm-none-eabi/10.2.0/../../../../arm-none-eabi/lib/thumb/v6-m/nofp/libc_nano.a(lib_a-nano-mallocr.o)
                              /usr/lib/gcc/arm-none-eabi/10.2.0/../../../../arm-none-eabi/lib/thumb/v6-m/nofp/libc_nano.a(lib_a-findfp.o) (_malloc_r)
/usr/lib/gcc/arm-none-eabi/10.2.0/../../../../arm-none-eabi/lib/thumb/v6-m/nofp/libc_nano.a(lib_a-nano-vfprintf.o)
                              /usr/lib/gcc/arm-none-eabi/10.2.0/../../../../arm-none-eabi/lib/thumb/v6-m/nofp/libc_nano.a(lib_a-printf.o) (_vfprintf_r)
/usr/lib/gcc/arm-none-eabi/10.2.0/../../../../arm-none-eabi/lib/thumb/v6-m/nofp/libc_nano.a(lib_a-sbrkr.o)
                              /usr/lib/gcc/arm-none-eabi/10.2.0/../../../../arm-none-eabi/lib/thumb/v6-m/nofp/libc_nano.a(lib_a-nano-mallocr.o) (_sbrk_r)
/usr/lib/gcc/arm-none-eabi/10.2.0/../../../../arm-none-eabi/lib/thumb/v6-m/nofp/libc_nano.a(lib_a-stdio.o)
                              /usr/lib/gcc/arm-none-eabi/10.2.0/../../../../arm-none-eabi/lib/thumb/v6-m/nofp/libc_nano.a(lib_a-findfp.o) (__sread)
/usr/lib/gcc/arm-none-eabi/10.2.0/../../../../arm-none-eabi/lib/thumb/v6-m/nofp/libc_nano.a(lib_a-wbuf.o)
                              /usr/lib/gcc/arm-none-eabi/10.2.0/../../../../arm-none-eabi/lib/thumb/v6-m/nofp/libc_nano.a(lib_a-nano-vfprintf.o) (__swbuf_r)
/usr/lib/gcc/arm-none-eabi/10.2.0/../../../../arm-none-eabi/lib/thumb/v6-m/nofp/libc_nano.a(lib_a-writer.o)
                              /usr/lib/gcc/arm-none-eabi/10.2.0/../../../../arm-none-eabi/lib/thumb/v6-m/nofp/libc_nano.a(lib_a-stdio.o) (_write_r)
/usr/lib/gcc/arm-none-eabi/10.2.0/../../../../arm-none-eabi/lib/thumb/v6-m/nofp/libc_nano.a(lib_a-wsetup.o)
[...]
Memory Configuration

Name             Origin             Length             Attributes
rom              0x0000000000000000 0x0000000000040000 xr
ram              0x0000000020000000 0x0000000000008000 xrw
*default*        0x0000000000000000 0xffffffffffffffff

Linker script and memory map

LOAD /usr/lib/gcc/arm-none-eabi/10.2.0/thumb/v6-m/nofp/crti.o
LOAD /usr/lib/gcc/arm-none-eabi/10.2.0/thumb/v6-m/nofp/crtbegin.o
LOAD /usr/lib/gcc/arm-none-eabi/10.2.0/../../../../arm-none-eabi/lib/thumb/v6-m/nofp/crt0.o
LOAD hal/src/hal_io.o
LOAD samc21/gcc/system_samc21.o
LOAD samc21/gcc/gcc/startup_samc21.o
LOAD hal/utils/src/utils_syscalls.o
LOAD hal/src/hal_delay.o
LOAD hpl/oscctrl/hpl_oscctrl.o
LOAD hpl/core/hpl_init.o
LOAD hal/utils/src/utils_list.o
LOAD hpl/core/hpl_core_m0plus_base.o
LOAD hal/utils/src/utils_assert.o
LOAD hpl/dmac/hpl_dmac.o
LOAD hpl/pm/hpl_pm.o
LOAD hpl/mclk/hpl_mclk.o
LOAD hpl/gclk/hpl_gclk.o
LOAD hal/src/hal_init.o
LOAD main.o
LOAD hpl/osc32kctrl/hpl_osc32kctrl.o
LOAD examples/driver_examples.o
LOAD driver_init.o
LOAD hal/src/hal_gpio.o
LOAD hpl/divas/hpl_divas.o
LOAD hal/utils/src/utils_event.o
LOAD hal/src/hal_sleep.o
LOAD atmel_start.o
LOAD hal/src/hal_atomic.o
START GROUP
LOAD /usr/lib/gcc/arm-none-eabi/10.2.0/../../../../arm-none-eabi/lib/thumb/v6-m/nofp/libm.a
END GROUP
START GROUP
LOAD /usr/lib/gcc/arm-none-eabi/10.2.0/thumb/v6-m/nofp/libgcc.a
LOAD /usr/lib/gcc/arm-none-eabi/10.2.0/../../../../arm-none-eabi/lib/thumb/v6-m/nofp/libc_nano.a
END GROUP
START GROUP
LOAD /usr/lib/gcc/arm-none-eabi/10.2.0/thumb/v6-m/nofp/libgcc.a
LOAD /usr/lib/gcc/arm-none-eabi/10.2.0/../../../../arm-none-eabi/lib/thumb/v6-m/nofp/libc_nano.a
END GROUP
LOAD /usr/lib/gcc/arm-none-eabi/10.2.0/thumb/v6-m/nofp/crtend.o
LOAD /usr/lib/gcc/arm-none-eabi/10.2.0/thumb/v6-m/nofp/crtn.o
                0x0000000000002000                STACK_SIZE = DEFINED (STACK_SIZE)?STACK_SIZE:DEFINED (__stack_size__)?__stack_size__:0x2000

.text           0x0000000000000000      0x32c
                0x0000000000000000                . = ALIGN (0x4)
                0x0000000000000000                _sfixed = .
 *(.vectors .vectors.*)
 .vectors       0x0000000000000000       0xbc samc21/gcc/gcc/startup_samc21.o
                0x0000000000000000                exception_table
 *(.text .text.* .gnu.linkonce.t.*)
 .text.__do_global_dtors_aux
                0x00000000000000bc       0x28 /usr/lib/gcc/arm-none-eabi/10.2.0/thumb/v6-m/nofp/crtbegin.o
 .text.frame_dummy
                0x00000000000000e4       0x20 /usr/lib/gcc/arm-none-eabi/10.2.0/thumb/v6-m/nofp/crtbegin.o
 .text.Dummy_Handler
                0x0000000000000104        0x2 samc21/gcc/gcc/startup_samc21.o
                0x0000000000000104                SVCall_Handler
                0x0000000000000104                DMAC_Handler
                0x0000000000000104                HardFault_Handler
                0x0000000000000104                TC2_Handler
                0x0000000000000104                AC_Handler
                0x0000000000000104                SysTick_Handler
                0x0000000000000104                PendSV_Handler
                0x0000000000000104                SERCOM1_Handler
                0x0000000000000104                NonMaskableInt_Handler
                0x0000000000000104                TCC1_Handler
                0x0000000000000104                SERCOM2_Handler
                0x0000000000000104                TCC0_Handler
                0x0000000000000104                RTC_Handler
                0x0000000000000104                ADC1_Handler
                0x0000000000000104                EIC_Handler
                0x0000000000000104                WDT_Handler
                0x0000000000000104                CAN0_Handler
                0x0000000000000104                TC4_Handler
                0x0000000000000104                TC1_Handler
                0x0000000000000104                TC3_Handler
                0x0000000000000104                SDADC_Handler
                0x0000000000000104                Dummy_Handler
                0x0000000000000104                SERCOM5_Handler
                0x0000000000000104                CAN1_Handler
                0x0000000000000104                ADC0_Handler
                0x0000000000000104                TSENS_Handler
                0x0000000000000104                TCC2_Handler
                0x0000000000000104                EVSYS_Handler
                0x0000000000000104                SERCOM3_Handler
                0x0000000000000104                SERCOM4_Handler
                0x0000000000000104                NVMCTRL_Handler
                0x0000000000000104                SYSTEM_Handler
                0x0000000000000104                SERCOM0_Handler
                0x0000000000000104                DAC_Handler
                0x0000000000000104                PTC_Handler
                0x0000000000000104                FREQM_Handler
                0x0000000000000104                TC0_Handler
 *fill*         0x0000000000000106        0x2 
 .text.Reset_Handler
                0x0000000000000108       0x7c samc21/gcc/gcc/startup_samc21.o
                0x0000000000000108                Reset_Handler
 .text._oscctrl_init_sources
                0x0000000000000184       0x38 hpl/oscctrl/hpl_oscctrl.o
                0x0000000000000184                _oscctrl_init_sources
 .text._oscctrl_init_referenced_generators
                0x00000000000001bc        0x2 hpl/oscctrl/hpl_oscctrl.o
                0x00000000000001bc                _oscctrl_init_referenced_generators
 *fill*         0x00000000000001be        0x2 
 .text._init_chip
                0x00000000000001c0       0x40 hpl/core/hpl_init.o
                0x00000000000001c0                _init_chip
 .text._mclk_init
                0x0000000000000200        0xc hpl/mclk/hpl_mclk.o
                0x0000000000000200                _mclk_init
 .text._gclk_init_generators_by_fref
                0x000000000000020c       0x20 hpl/gclk/hpl_gclk.o
                0x000000000000020c                _gclk_init_generators_by_fref
 .text.startup.main
                0x000000000000022c       0x34 main.o
                0x000000000000022c                main
 .text._osc32kctrl_init_sources
                0x0000000000000260       0x18 hpl/osc32kctrl/hpl_osc32kctrl.o
                0x0000000000000260                _osc32kctrl_init_sources
 .text.system_init
                0x0000000000000278        0xc driver_init.o
                0x0000000000000278                system_init
 .text._div_init
                0x0000000000000284        0xe hpl/divas/hpl_divas.o
                0x0000000000000284                _div_init
 *fill*         0x0000000000000292        0x2 
 .text.atmel_start_init
                0x0000000000000294        0xc atmel_start.o
                0x0000000000000294                atmel_start_init
 .text.__libc_init_array
                0x00000000000002a0       0x48 /usr/lib/gcc/arm-none-eabi/10.2.0/../../../../arm-none-eabi/lib/thumb/v6-m/nofp/libc_nano.a(lib_a-init.o)
                0x00000000000002a0                __libc_init_array
 .text.memcpy   0x00000000000002e8       0x12 /usr/lib/gcc/arm-none-eabi/10.2.0/../../../../arm-none-eabi/lib/thumb/v6-m/nofp/libc_nano.a(lib_a-memcpy-stub.o)
                0x00000000000002e8                memcpy
 .text.memset   0x00000000000002fa       0x10 /usr/lib/gcc/arm-none-eabi/10.2.0/../../../../arm-none-eabi/lib/thumb/v6-m/nofp/libc_nano.a(lib_a-memset.o)
                0x00000000000002fa                memset
 *(.glue_7t)
 .glue_7t       0x000000000000030a        0x0 linker stubs
 *(.glue_7)
 .glue_7        0x000000000000030a        0x0 linker stubs
 *(.rodata .rodata* .gnu.linkonce.r.*)
 *(.ARM.extab* .gnu.linkonce.armextab.*)
                0x000000000000030c                . = ALIGN (0x4)
 *fill*         0x000000000000030a        0x2 
 *(.init)
 .init          0x000000000000030c        0x4 /usr/lib/gcc/arm-none-eabi/10.2.0/thumb/v6-m/nofp/crti.o
                0x000000000000030c                _init
 .init          0x0000000000000310        0x8 /usr/lib/gcc/arm-none-eabi/10.2.0/thumb/v6-m/nofp/crtn.o
                0x0000000000000318                . = ALIGN (0x4)
                0x0000000000000318                __preinit_array_start = .
 *(.preinit_array)
                0x0000000000000318                __preinit_array_end = .
                0x0000000000000318                . = ALIGN (0x4)
                0x0000000000000318                __init_array_start = .
 *(SORT_BY_NAME(.init_array.*))
 *(.init_array)
 .init_array    0x0000000000000318        0x4 /usr/lib/gcc/arm-none-eabi/10.2.0/thumb/v6-m/nofp/crtbegin.o
                0x000000000000031c                __init_array_end = .
                0x000000000000031c                . = ALIGN (0x4)
 *crtbegin.o(.ctors)
 *(EXCLUDE_FILE(*crtend.o) .ctors)
 *(SORT_BY_NAME(.ctors.*))
 *crtend.o(.ctors)
                0x000000000000031c                . = ALIGN (0x4)
 *(.fini)
 .fini          0x000000000000031c        0x4 /usr/lib/gcc/arm-none-eabi/10.2.0/thumb/v6-m/nofp/crti.o
                0x000000000000031c                _fini
 .fini          0x0000000000000320        0x8 /usr/lib/gcc/arm-none-eabi/10.2.0/thumb/v6-m/nofp/crtn.o
                0x0000000000000328                . = ALIGN (0x4)
                0x0000000000000328                __fini_array_start = .
 *(.fini_array)
 .fini_array    0x0000000000000328        0x4 /usr/lib/gcc/arm-none-eabi/10.2.0/thumb/v6-m/nofp/crtbegin.o
 *(SORT_BY_NAME(.fini_array.*))
                0x000000000000032c                __fini_array_end = .
 *crtbegin.o(.dtors)
 *(EXCLUDE_FILE(*crtend.o) .dtors)
 *(SORT_BY_NAME(.dtors.*))
 *crtend.o(.dtors)
                0x000000000000032c                . = ALIGN (0x4)
                0x000000000000032c                _efixed = .
                [!provide]                        PROVIDE (__exidx_start = .)

.vfp11_veneer   0x000000000000032c        0x0
 .vfp11_veneer  0x000000000000032c        0x0 linker stubs

.v4_bx          0x000000000000032c        0x0
 .v4_bx         0x000000000000032c        0x0 linker stubs

.iplt           0x000000000000032c        0x0
 .iplt          0x000000000000032c        0x0 /usr/lib/gcc/arm-none-eabi/10.2.0/thumb/v6-m/nofp/crtbegin.o

.igot.plt       0x000000000000032c        0x0
 .igot.plt      0x000000000000032c        0x0 /usr/lib/gcc/arm-none-eabi/10.2.0/thumb/v6-m/nofp/crtbegin.o

.eh_frame       0x000000000000032c        0x0
 .eh_frame      0x000000000000032c        0x0 /usr/lib/gcc/arm-none-eabi/10.2.0/thumb/v6-m/nofp/crtbegin.o

.rel.dyn        0x000000000000032c        0x0
 .rel.iplt      0x000000000000032c        0x0 /usr/lib/gcc/arm-none-eabi/10.2.0/thumb/v6-m/nofp/crtbegin.o

.ARM.exidx
 *(.ARM.exidx* .gnu.linkonce.armexidx.*)
                [!provide]                        PROVIDE (__exidx_end = .)
                0x000000000000032c                . = ALIGN (0x4)
                0x000000000000032c                _etext = .

.relocate       0x0000000020000000        0x0 load address 0x000000000000032c
                0x0000000020000000                . = ALIGN (0x4)
                0x0000000020000000                _srelocate = .
 *(.ramfunc .ramfunc.*)
 *(.data .data.*)
                0x0000000020000000                . = ALIGN (0x4)
                0x0000000020000000                _erelocate = .

.bss            0x0000000020000000       0x1c
                0x0000000020000000                . = ALIGN (0x4)
                0x0000000020000000                _sbss = .
                0x0000000020000000                _szero = .
 *(.bss .bss.*)
 .bss.completed.1
                0x0000000020000000        0x1 /usr/lib/gcc/arm-none-eabi/10.2.0/thumb/v6-m/nofp/crtbegin.o
 *fill*         0x0000000020000001        0x3 
 .bss.object.0  0x0000000020000004       0x18 /usr/lib/gcc/arm-none-eabi/10.2.0/thumb/v6-m/nofp/crtbegin.o
 *(COMMON)
                0x000000002000001c                . = ALIGN (0x4)
                0x000000002000001c                _ebss = .
                0x000000002000001c                _ezero = .

.stack          0x000000002000001c     0x2004
                0x0000000020000020                . = ALIGN (0x8)
 *fill*         0x000000002000001c        0x4 
                0x0000000020000020                _sstack = .
                0x0000000020002020                . = (. + STACK_SIZE)
 *fill*         0x0000000020000020     0x2000 
                0x0000000020002020                . = ALIGN (0x8)
                0x0000000020002020                _estack = .
                0x0000000020002020                . = ALIGN (0x4)
                0x0000000020002020                _end = .
OUTPUT(AtmelStart.elf elf32-littlearm)
LOAD linker stubs

.ARM.attributes
                0x0000000000000000       0x28
 .ARM.attributes
                0x0000000000000000       0x1e /usr/lib/gcc/arm-none-eabi/10.2.0/thumb/v6-m/nofp/crti.o
 .ARM.attributes
                0x000000000000001e       0x2c /usr/lib/gcc/arm-none-eabi/10.2.0/thumb/v6-m/nofp/crtbegin.o
 .ARM.attributes
                0x000000000000004a       0x2c samc21/gcc/gcc/startup_samc21.o
 .ARM.attributes
                0x0000000000000076       0x2c hpl/oscctrl/hpl_oscctrl.o
 .ARM.attributes
                0x00000000000000a2       0x2c hpl/core/hpl_init.o
 .ARM.attributes
                0x00000000000000ce       0x2c hpl/mclk/hpl_mclk.o
 .ARM.attributes
                0x00000000000000fa       0x2c hpl/gclk/hpl_gclk.o
 .ARM.attributes
                0x0000000000000126       0x2c main.o
 .ARM.attributes
                0x0000000000000152       0x2c hpl/osc32kctrl/hpl_osc32kctrl.o
 .ARM.attributes
                0x000000000000017e       0x2c driver_init.o
 .ARM.attributes
                0x00000000000001aa       0x2c hpl/divas/hpl_divas.o
 .ARM.attributes
                0x00000000000001d6       0x2c atmel_start.o
 .ARM.attributes
                0x0000000000000202       0x2c /usr/lib/gcc/arm-none-eabi/10.2.0/../../../../arm-none-eabi/lib/thumb/v6-m/nofp/libc_nano.a(lib_a-init.o)
 .ARM.attributes
                0x000000000000022e       0x2c /usr/lib/gcc/arm-none-eabi/10.2.0/../../../../arm-none-eabi/lib/thumb/v6-m/nofp/libc_nano.a(lib_a-memcpy-stub.o)
 .ARM.attributes
                0x000000000000025a       0x2c /usr/lib/gcc/arm-none-eabi/10.2.0/../../../../arm-none-eabi/lib/thumb/v6-m/nofp/libc_nano.a(lib_a-memset.o)
 .ARM.attributes
                0x0000000000000286       0x1e /usr/lib/gcc/arm-none-eabi/10.2.0/thumb/v6-m/nofp/crtn.o

.comment        0x0000000000000000       0x1e
 .comment       0x0000000000000000       0x1e samc21/gcc/gcc/startup_samc21.o
                                         0x1f (size before relaxing)
 .comment       0x000000000000001e       0x1f hpl/oscctrl/hpl_oscctrl.o
 .comment       0x000000000000001e       0x1f hpl/core/hpl_init.o
 .comment       0x000000000000001e       0x1f hpl/mclk/hpl_mclk.o
 .comment       0x000000000000001e       0x1f hpl/gclk/hpl_gclk.o
 .comment       0x000000000000001e       0x1f main.o
 .comment       0x000000000000001e       0x1f hpl/osc32kctrl/hpl_osc32kctrl.o
 .comment       0x000000000000001e       0x1f driver_init.o
 .comment       0x000000000000001e       0x1f hpl/divas/hpl_divas.o
 .comment       0x000000000000001e       0x1f atmel_start.o

.debug_info     0x0000000000000000     0x3a54
 .debug_info    0x0000000000000000      0x4d0 samc21/gcc/gcc/startup_samc21.o
 .debug_info    0x00000000000004d0      0xe11 hpl/oscctrl/hpl_oscctrl.o
 .debug_info    0x00000000000012e1      0x75a hpl/core/hpl_init.o
 .debug_info    0x0000000000001a3b      0x7a2 hpl/mclk/hpl_mclk.o
 .debug_info    0x00000000000021dd      0x596 hpl/gclk/hpl_gclk.o
 .debug_info    0x0000000000002773       0xe5 main.o
 .debug_info    0x0000000000002858      0x793 hpl/osc32kctrl/hpl_osc32kctrl.o
 .debug_info    0x0000000000002feb       0xb7 driver_init.o
 .debug_info    0x00000000000030a2      0x916 hpl/divas/hpl_divas.o
 .debug_info    0x00000000000039b8       0x9c atmel_start.o

.debug_abbrev   0x0000000000000000      0xf3f
 .debug_abbrev  0x0000000000000000      0x181 samc21/gcc/gcc/startup_samc21.o
 .debug_abbrev  0x0000000000000181      0x22e hpl/oscctrl/hpl_oscctrl.o
 .debug_abbrev  0x00000000000003af      0x1e6 hpl/core/hpl_init.o
 .debug_abbrev  0x0000000000000595      0x1c5 hpl/mclk/hpl_mclk.o
 .debug_abbrev  0x000000000000075a      0x1b6 hpl/gclk/hpl_gclk.o
 .debug_abbrev  0x0000000000000910       0x9c main.o
 .debug_abbrev  0x00000000000009ac      0x211 hpl/osc32kctrl/hpl_osc32kctrl.o
 .debug_abbrev  0x0000000000000bbd       0x8c driver_init.o
 .debug_abbrev  0x0000000000000c49      0x28f hpl/divas/hpl_divas.o
 .debug_abbrev  0x0000000000000ed8       0x67 atmel_start.o

.debug_aranges  0x0000000000000000      0x178
 .debug_aranges
                0x0000000000000000       0x28 samc21/gcc/gcc/startup_samc21.o
 .debug_aranges
                0x0000000000000028       0x28 hpl/oscctrl/hpl_oscctrl.o
 .debug_aranges
                0x0000000000000050       0x20 hpl/core/hpl_init.o
 .debug_aranges
                0x0000000000000070       0x20 hpl/mclk/hpl_mclk.o
 .debug_aranges
                0x0000000000000090       0x28 hpl/gclk/hpl_gclk.o
 .debug_aranges
                0x00000000000000b8       0x20 main.o
 .debug_aranges
                0x00000000000000d8       0x20 hpl/osc32kctrl/hpl_osc32kctrl.o
 .debug_aranges
                0x00000000000000f8       0x20 driver_init.o
 .debug_aranges
                0x0000000000000118       0x40 hpl/divas/hpl_divas.o
 .debug_aranges
                0x0000000000000158       0x20 atmel_start.o

.debug_ranges   0x0000000000000000      0x298
 .debug_ranges  0x0000000000000000       0x18 samc21/gcc/gcc/startup_samc21.o
 .debug_ranges  0x0000000000000018       0x78 hpl/oscctrl/hpl_oscctrl.o
 .debug_ranges  0x0000000000000090       0x30 hpl/core/hpl_init.o
 .debug_ranges  0x00000000000000c0       0x28 hpl/mclk/hpl_mclk.o
 .debug_ranges  0x00000000000000e8       0x18 hpl/gclk/hpl_gclk.o
 .debug_ranges  0x0000000000000100       0x28 main.o
 .debug_ranges  0x0000000000000128       0x30 hpl/osc32kctrl/hpl_osc32kctrl.o
 .debug_ranges  0x0000000000000158       0x28 driver_init.o
 .debug_ranges  0x0000000000000180      0x108 hpl/divas/hpl_divas.o
 .debug_ranges  0x0000000000000288       0x10 atmel_start.o

.debug_macro    0x0000000000000000     0x4281
 .debug_macro   0x0000000000000000      0x3ba samc21/gcc/gcc/startup_samc21.o
 .debug_macro   0x00000000000003ba      0x549 hpl/oscctrl/hpl_oscctrl.o
 .debug_macro   0x0000000000000903      0x130 hpl/oscctrl/hpl_oscctrl.o
 .debug_macro   0x0000000000000a33      0x5c9 hpl/core/hpl_init.o
 .debug_macro   0x0000000000000ffc       0x1c hpl/core/hpl_init.o
 .debug_macro   0x0000000000001018       0xcf hpl/core/hpl_init.o
 .debug_macro   0x00000000000010e7       0x10 hpl/core/hpl_init.o
 .debug_macro   0x00000000000010f7       0x1c hpl/core/hpl_init.o
 .debug_macro   0x0000000000001113      0x772 hpl/core/hpl_init.o
 .debug_macro   0x0000000000001885      0x54e hpl/mclk/hpl_mclk.o
 .debug_macro   0x0000000000001dd3      0x553 hpl/gclk/hpl_gclk.o
 .debug_macro   0x0000000000002326      0x1f4 hpl/gclk/hpl_gclk.o
 .debug_macro   0x000000000000251a      0x5eb main.o
 .debug_macro   0x0000000000002b05       0x3a main.o
 .debug_macro   0x0000000000002b3f      0x549 hpl/osc32kctrl/hpl_osc32kctrl.o
 .debug_macro   0x0000000000003088       0xb8 hpl/osc32kctrl/hpl_osc32kctrl.o
 .debug_macro   0x0000000000003140      0x5f4 driver_init.o
 .debug_macro   0x0000000000003734      0x562 hpl/divas/hpl_divas.o
 .debug_macro   0x0000000000003c96      0x5eb atmel_start.o

.debug_line     0x0000000000000000     0x5c0f
 .debug_line    0x0000000000000000      0x5bc samc21/gcc/gcc/startup_samc21.o
 .debug_line    0x00000000000005bc      0x9d4 hpl/oscctrl/hpl_oscctrl.o
 .debug_line    0x0000000000000f90      0x990 hpl/core/hpl_init.o
 .debug_line    0x0000000000001920      0x8b8 hpl/mclk/hpl_mclk.o
 .debug_line    0x00000000000021d8      0x916 hpl/gclk/hpl_gclk.o
 .debug_line    0x0000000000002aee      0x99f main.o
 .debug_line    0x000000000000348d      0x91b hpl/osc32kctrl/hpl_osc32kctrl.o
 .debug_line    0x0000000000003da8      0x991 driver_init.o
 .debug_line    0x0000000000004739      0xb72 hpl/divas/hpl_divas.o
 .debug_line    0x00000000000052ab      0x964 atmel_start.o

.debug_str      0x0000000000000000    0x8dafc
 .debug_str     0x0000000000000000    0x849cf samc21/gcc/gcc/startup_samc21.o
                                      0x853e6 (size before relaxing)
 .debug_str     0x00000000000849cf     0x535a hpl/oscctrl/hpl_oscctrl.o
                                      0x8a477 (size before relaxing)
 .debug_str     0x0000000000089d29     0x241f hpl/core/hpl_init.o
                                      0x8bf72 (size before relaxing)
 .debug_str     0x000000000008c148      0x24b hpl/mclk/hpl_mclk.o
                                      0x89ddb (size before relaxing)
 .debug_str     0x000000000008c393      0x8ee hpl/gclk/hpl_gclk.o
                                      0x8a47c (size before relaxing)
 .debug_str     0x000000000008cc81      0x1f8 main.o
                                      0x8a59e (size before relaxing)
 .debug_str     0x000000000008ce79      0x4fb hpl/osc32kctrl/hpl_osc32kctrl.o
                                      0x8a057 (size before relaxing)
 .debug_str     0x000000000008d374      0x4a6 driver_init.o
                                      0x8aa52 (size before relaxing)
 .debug_str     0x000000000008d81a      0x2d1 hpl/divas/hpl_divas.o
                                      0x89db8 (size before relaxing)
 .debug_str     0x000000000008daeb       0x11 atmel_start.o
                                      0x8a598 (size before relaxing)

.debug_frame    0x0000000000000000      0x27c
 .debug_frame   0x0000000000000000       0x38 samc21/gcc/gcc/startup_samc21.o
 .debug_frame   0x0000000000000038       0x30 hpl/oscctrl/hpl_oscctrl.o
 .debug_frame   0x0000000000000068       0x28 hpl/core/hpl_init.o
 .debug_frame   0x0000000000000090       0x20 hpl/mclk/hpl_mclk.o
 .debug_frame   0x00000000000000b0       0x30 hpl/gclk/hpl_gclk.o
 .debug_frame   0x00000000000000e0       0x28 main.o
 .debug_frame   0x0000000000000108       0x20 hpl/osc32kctrl/hpl_osc32kctrl.o
 .debug_frame   0x0000000000000128       0x28 driver_init.o
 .debug_frame   0x0000000000000150       0x90 hpl/divas/hpl_divas.o
 .debug_frame   0x00000000000001e0       0x28 atmel_start.o
 .debug_frame   0x0000000000000208       0x2c /usr/lib/gcc/arm-none-eabi/10.2.0/../../../../arm-none-eabi/lib/thumb/v6-m/nofp/libc_nano.a(lib_a-init.o)
 .debug_frame   0x0000000000000234       0x28 /usr/lib/gcc/arm-none-eabi/10.2.0/../../../../arm-none-eabi/lib/thumb/v6-m/nofp/libc_nano.a(lib_a-memcpy-stub.o)
 .debug_frame   0x000000000000025c       0x20 /usr/lib/gcc/arm-none-eabi/10.2.0/../../../../arm-none-eabi/lib/thumb/v6-m/nofp/libc_nano.a(lib_a-memset.o)

.debug_loc      0x0000000000000000      0x5b0
 .debug_loc     0x0000000000000000       0xde hpl/oscctrl/hpl_oscctrl.o
 .debug_loc     0x00000000000000de       0x30 hpl/core/hpl_init.o
 .debug_loc     0x000000000000010e       0x30 hpl/mclk/hpl_mclk.o
 .debug_loc     0x000000000000013e       0x7c hpl/gclk/hpl_gclk.o
 .debug_loc     0x00000000000001ba       0x4f main.o
 .debug_loc     0x0000000000000209       0xca hpl/osc32kctrl/hpl_osc32kctrl.o
 .debug_loc     0x00000000000002d3      0x2dd hpl/divas/hpl_divas.o
